Microchip MPLAB XC8 Compiler V2.40

Linker command line:

-W-3 \
  --edf=C:\Program Files\Microchip\xc8\v2.40\pic\dat\20220703182018_en.msgs \
  -cn -h+dist/default/production\ED2_Lab_01.X.production.sym \
  --cmf=dist/default/production\ED2_Lab_01.X.production.cmf -z -Q16F887 \
  -oC:\Users\Gabriel\AppData\Local\Temp\xcAsl6s.4 --defsym=__MPLAB_BUILD=1 \
  --fixupoverflow=error \
  -Mdist/default/production/ED2_Lab_01.X.production.map \
  --md=C:\Users\Gabriel\AppData\Local\Temp\xcAsl6s.dat -E1 \
  -ver=XC8 Compiler --acfsm=1493 -ACODE=00h-07FFhx4 -ASTRCODE=00h-01FFFh \
  -ASTRING=00h-0FFhx32 -ACONST=00h-0FFhx32 -AENTRY=00h-0FFhx32 \
  -ACOMMON=070h-07Fh -ABANK0=020h-06Fh -ABANK1=0A0h-0EFh \
  -ABANK2=0110h-016Fh -ABANK3=0190h-01EFh \
  -ARAM=020h-06Fh,0A0h-0EFh,0110h-016Fh,0190h-01EFh \
  -AABS1=020h-07Fh,0A0h-0EFh,0110h-016Fh,0190h-01EFh -ASFR0=00h-01Fh \
  -ASFR1=080h-09Fh -ASFR2=0100h-010Fh -ASFR3=0180h-018Fh \
  -ACONFIG=02007h-02008h -DCONFIG=2 -AIDLOC=02000h-02003h -DIDLOC=2 \
  -AEEDATA=00h-0FFh/02100h -peeprom_data=EEDATA -DEEDATA=2 -DCODE=2 \
  -DSTRCODE=2 -DSTRING=2 -DCONST=2 -DENTRY=2 \
  -preset_vec=00h,intentry=04h,init,end_init -ppowerup=CODE -pcinit=CODE \
  -pfunctab=ENTRY -k C:\Users\Gabriel\AppData\Local\Temp\xcAsl6s.o \
  dist/default/production\ED2_Lab_01.X.production.o 

Object code version is 3.11

Machine type is 16F887



                Name                               Link     Load   Length Selector   Space Scale
C:\Users\Gabriel\AppData\Local\Temp\xcAsl6s.o
                end_init                              E        E        3        8       0
                reset_vec                             0        0        3        0       0
                config                             2007     2007        2        0       4
                idloc                              2000     2000        4        0       5
dist/default/production\ED2_Lab_01.X.production.o
                cinit                                11       11       1C        8       0
                intentry                              4        4        A        8       0
                config                             2007     2007        2        0       4
                idloc                              2000     2000        4        0       5
                text11                              35C      35C        A        8       0
                text10                              241      241       32        8       0
                text9                               318      318       21        8       0
                text8                               1EF      1EF       52        8       0
                text7                               366      366        9        8       0
                text6                                2D       2D       F9        8       0
                text5                               2F5      2F5       23        8       0
                text4                               126      126       69        8       0
                text3                               273      273       30        8       0
                text2                               18F      18F       60        8       0
                text1                               2CF      2CF       26        8       0
                maintext                            2A3      2A3       2C        8       0
                cstackBANK0                          30       30        C       20       1
                cstackCOMMON                         70       70        7       70       1
                inittext                            339      339       13        8       0
                dataBANK0                            20       20       10       20       1
                bssBANK0                             3C       3C        4       20       1
                bssCOMMON                            77       77        6       70       1
                idataBANK0                          34C      34C       10        8       0

TOTAL           Name                               Link     Load   Length     Space
        CLASS   CODE           
                end_init                              E        E        3         0
                cinit                                11       11       1C         0
                intentry                              4        4        A         0
                reset_vec                             0        0        3         0
                text11                              35C      35C        A         0
                text10                              241      241       32         0
                text9                               318      318       21         0
                text8                               1EF      1EF       52         0
                text7                               366      366        9         0
                text6                                2D       2D       F9         0
                text5                               2F5      2F5       23         0
                text4                               126      126       69         0
                text3                               273      273       30         0
                text2                               18F      18F       60         0
                text1                               2CF      2CF       26         0
                maintext                            2A3      2A3       2C         0
                inittext                            339      339       13         0
                idataBANK0                          34C      34C       10         0

        CLASS   STRCODE        

        CLASS   STRING         

        CLASS   CONST          

        CLASS   ENTRY          

        CLASS   COMMON         
                cstackCOMMON                         70       70        7         1
                bssCOMMON                            77       77        6         1

        CLASS   BANK0          
                cstackBANK0                          30       30        C         1
                dataBANK0                            20       20       10         1
                bssBANK0                             3C       3C        4         1

        CLASS   BANK1          

        CLASS   BANK2          

        CLASS   BANK3          

        CLASS   RAM            

        CLASS   ABS1           
                abs_s1                               7E       7E        2         1

        CLASS   SFR0           

        CLASS   SFR1           

        CLASS   SFR2           

        CLASS   SFR3           

        CLASS   CONFIG         
                config                             2007     2007        2         4

        CLASS   IDLOC          
                idloc                              2000     2000        4         5

        CLASS   EEDATA         

        CLASS   STACK          



SEGMENTS        Name                           Load    Length   Top    Selector   Space  Class     Delta

                reset_vec                      000000  000003  000003         0       0  CODE        2
                intentry                       000004  00036B  00036F         8       0  CODE        2
                dataBANK0                      000020  000020  000040        20       1  BANK0       1
                cstackCOMMON                   000070  00000D  00007D        70       1  COMMON      1


UNUSED ADDRESS RANGES

        Name                Unused          Largest block    Delta
        BANK0            0040-006F             30           1
        BANK1            00A0-00EF             50           1
        BANK2            0110-016F             60           1
        BANK3            0190-01EF             60           1
        CODE             0003-0003              1           2
                         036F-1FFF            800
        COMMON           007D-007D              1           1
        CONST            0003-0003              1           2
                         036F-1FFF            100
        EEDATA           2100-21FF            100           2
        ENTRY            0003-0003              1           2
                         036F-1FFF            100
        RAM              0040-006F             30           1
                         00A0-00EF             50
                         0110-016F             60
                         0190-01EF             60
        SFR0             0000-001F             20           1
        SFR1             0080-009F             20           1
        SFR2             0100-010F             10           1
        SFR3             0180-018F             10           1
        STRCODE          0003-0003              1           2
                         036F-1FFF           1C91
        STRING           0003-0003              1           2
                         036F-1FFF            100

                                  Symbol Table

?___awdiv                   cstackBANK0  0030
?_adc_read                  cstackCOMMON 0070
_ADCON0bits                 (abs)        001F
_ADCON1bits                 (abs)        009F
_ADRESH                     (abs)        001E
_ANSEL                      (abs)        0188
_ANSELH                     (abs)        0189
_HEX1                       bssCOMMON    007B
_HEX2                       bssBANK0     003E
_INTCONbits                 (abs)        000B
_IOCBbits                   (abs)        0096
_OPTION_REGbits             (abs)        0081
_OSCCONbits                 (abs)        008F
_PIE1bits                   (abs)        008C
_PIR1bits                   (abs)        000C
_PORTA                      (abs)        0005
_PORTB                      (abs)        0006
_PORTBbits                  (abs)        0006
_PORTC                      (abs)        0007
_PORTD                      (abs)        0008
_PORTE                      (abs)        0009
_PORTEbits                  (abs)        0009
_TMR0                       (abs)        0001
_TMR0_init                  text7        0366
_TRISBbits                  (abs)        0086
_TRISC                      (abs)        0087
_TRISD                      (abs)        0088
_TRISE                      (abs)        0089
_WPUBbits                   (abs)        0095
__Habs1                     abs1         0000
__Hbank0                    bank0        0000
__Hbank1                    bank1        0000
__Hbank2                    bank2        0000
__Hbank3                    bank3        0000
__HbssBANK0                 bssBANK0     0000
__HbssCOMMON                bssCOMMON    0000
__Hcinit                    cinit        002D
__Hclrtext                  clrtext      0000
__Hcode                     code         0000
__Hcommon                   common       0000
__Hconfig                   config       2009
__HcstackBANK0              cstackBANK0  0000
__HcstackCOMMON             cstackCOMMON 0000
__HdataBANK0                dataBANK0    0000
__Heeprom_data              eeprom_data  0000
__Hend_init                 end_init     0011
__Hfunctab                  functab      0000
__HidataBANK0               idataBANK0   0000
__Hidloc                    idloc        2004
__Hinit                     init         000E
__Hinittext                 inittext     0000
__Hintentry                 intentry     000E
__Hmaintext                 maintext     0000
__Hpowerup                  powerup      0000
__Hram                      ram          0000
__Hreset_vec                reset_vec    0003
__Hsfr0                     sfr0         0000
__Hsfr1                     sfr1         0000
__Hsfr2                     sfr2         0000
__Hsfr3                     sfr3         0000
__Hspace_0                  (abs)        036F
__Hspace_1                  (abs)        007D
__Hspace_2                  (abs)        0000
__Hspace_3                  (abs)        0000
__Hspace_4                  (abs)        4010
__Hstack                    stack        0000
__Hstrings                  strings      0000
__Htext                     text         0000
__Labs1                     abs1         0000
__Lbank0                    bank0        0000
__Lbank1                    bank1        0000
__Lbank2                    bank2        0000
__Lbank3                    bank3        0000
__LbssBANK0                 bssBANK0     0000
__LbssCOMMON                bssCOMMON    0000
__Lcinit                    cinit        0011
__Lclrtext                  clrtext      0000
__Lcode                     code         0000
__Lcommon                   common       0000
__Lconfig                   config       0000
__LcstackBANK0              cstackBANK0  0000
__LcstackCOMMON             cstackCOMMON 0000
__LdataBANK0                dataBANK0    0000
__Leeprom_data              eeprom_data  0000
__Lend_init                 end_init     000E
__Lfunctab                  functab      0000
__LidataBANK0               idataBANK0   0000
__Lidloc                    idloc        0000
__Linit                     init         000E
__Linittext                 inittext     0000
__Lintentry                 intentry     0004
__Lmaintext                 maintext     0000
__Lpowerup                  powerup      0000
__Lram                      ram          0000
__Lreset_vec                reset_vec    0000
__Lsfr0                     sfr0         0000
__Lsfr1                     sfr1         0000
__Lsfr2                     sfr2         0000
__Lsfr3                     sfr3         0000
__Lspace_0                  (abs)        0000
__Lspace_1                  (abs)        0000
__Lspace_2                  (abs)        0000
__Lspace_3                  (abs)        0000
__Lspace_4                  (abs)        0000
__Lstack                    stack        0000
__Lstrings                  strings      0000
__Ltext                     text         0000
__S0                        (abs)        036F
__S1                        (abs)        007D
__S3                        (abs)        0000
___awdiv                    text4        0126
___awdiv@counter            cstackBANK0  0035
___awdiv@dividend           cstackBANK0  0032
___awdiv@divisor            cstackBANK0  0030
___awdiv@quotient           cstackBANK0  0037
___awdiv@sign               cstackBANK0  0036
___int_sp                   stack        0000
___latbits                  (abs)        0002
___sp                       stack        0000
___stackhi                  (abs)        0000
___stacklo                  (abs)        0000
__end_of_TMR0_init          text7        036F
__end_of___awdiv            text4        018F
__end_of__initialization    cinit        0029
__end_of_adc_change_channel text6        0126
__end_of_adc_init           text5        0318
__end_of_adc_read           text11       0366
__end_of_counter            text10       0273
__end_of_display_hex        text3        02A3
__end_of_ioc_init           text2        01EF
__end_of_isr                text8        0241
__end_of_main               maintext     02CF
__end_of_mux                text9        0339
__end_of_setup              text1        02F5
__initialization            cinit        0011
__pbssBANK0                 bssBANK0     003C
__pbssCOMMON                bssCOMMON    0077
__pcstackBANK0              cstackBANK0  0030
__pcstackCOMMON             cstackCOMMON 0070
__pdataBANK0                dataBANK0    0020
__pidataBANK0               idataBANK0   034C
__pintentry                 intentry     0004
__pmaintext                 maintext     02A3
__ptext1                    text1        02CF
__ptext10                   text10       0241
__ptext11                   text11       035C
__ptext2                    text2        018F
__ptext3                    text3        0273
__ptext4                    text4        0126
__ptext5                    text5        02F5
__ptext6                    text6        002D
__ptext7                    text7        0366
__ptext8                    text8        01EF
__ptext9                    text9        0318
_adc_change_channel         text6        002D
_adc_init                   text5        02F5
_adc_read                   text11       035C
_adc_var                    bssBANK0     003C
_bandera                    bssCOMMON    0079
_counter                    text10       0241
_display_hex                text3        0273
_displaylist                dataBANK0    0020
_ioc_init                   text2        018F
_isr                        text8        01EF
_main                       maintext     02A3
_mux                        text9        0318
_select                     bssCOMMON    0077
_setup                      text1        02CF
adc_change_channel@channel  cstackBANK0  0030
adc_init@channel            cstackBANK0  0032
btemp                       (abs)        007E
display_hex@value           cstackBANK0  0039
end_of_initialization       cinit        0029
init_fetch0                 inittext     0339
init_ram0                   inittext     033D
interrupt_function          intentry     0004
intlevel0                   functab      0000
intlevel1                   functab      0000
intlevel2                   functab      0000
intlevel3                   functab      0000
intlevel4                   functab      0000
intlevel5                   functab      0000
ioc_init@pin                cstackBANK0  0030
mux@selector                cstackCOMMON 0070
reset_vec                   reset_vec    0000
saved_w                     (abs)        007E
start                       init         000E
start_initialization        cinit        0011
wtemp0                      (abs)        007E


MODULE INFORMATION

Module		Function		Class		Link	Load	Size
IOCB.c
		_ioc_init      		CODE           	018F	0000	96

IOCB.c estimated size: 96

C:\Program Files\Microchip\xc8\v2.40\pic\sources\c90\common\awdiv.c
		___awdiv       		CODE           	0126	0000	105

C:\Program Files\Microchip\xc8\v2.40\pic\sources\c90\common\awdiv.c estimated size: 105

shared
		__initialization		CODE           	0011	0000	24

shared estimated size: 24

ADC_setup.c
		_adc_read      		CODE           	035C	0000	10
		_adc_change_channel		CODE           	002D	0000	249
		_adc_init      		CODE           	02F5	0000	35

ADC_setup.c estimated size: 294

Setup_TMR0.c
		_TMR0_init     		CODE           	0366	0000	9

Setup_TMR0.c estimated size: 9

main.c
		_counter       		CODE           	0241	0000	50
		_main          		CODE           	02A3	0000	44
		_isr           		CODE           	01EF	0000	82
		_setup         		CODE           	02CF	0000	38

main.c estimated size: 214

displays.c
		_display_hex   		CODE           	0273	0000	48
		_mux           		CODE           	0318	0000	33

displays.c estimated size: 81

